
> frontend@0.0.0 build
> vite build

[36mvite v7.3.1 [32mbuilding client environment for production...[36m[39m
transforming...
[32mΓ£ô[39m 2467 modules transformed.
rendering chunks...
computing gzip size...
[2mdist/[22m[32mindex.html                 [39m[1m[2m    0.47 kB[22m[1m[22m[2m Γöé gzip:   0.32 kB[22m
[2mdist/[22m[35massets/index-B43rpDdK.css  [39m[1m[2m   13.40 kB[22m[1m[22m[2m Γöé gzip:   3.31 kB[22m
[2mdist/[22m[36massets/index-DYi2SzRy.js   [39m[1m[33m1,108.67 kB[39m[22m[2m Γöé gzip: 334.25 kB[22m
node.exe : [33m
At line:1 char:1
+ & "C:\Program 
Files\nodejs/node.exe" "C:\Program 
Files\nodejs/node_mo ...
+ ~~~~~~~~~~~~~~~~~~~~~~~~~~~~~~~~~~~~
~~~~~~~~~~~~~~~~~~~~~~~~~~~~~~~~~
    + CategoryInfo          : NotSpec 
   ified: ([33m:String) [], RemoteE  
  xception
    + FullyQualifiedErrorId : NativeC 
   ommandError
 
(!) Some chunks are larger than 500 
kB after minification. Consider:
- Using dynamic import() to 
code-split the application
- Use build.rollupOptions.output.manua
lChunks to improve chunking: https://r
ollupjs.org/configuration-options/#out
put-manualchunks
- Adjust chunk size limit for this 
warning via 
build.chunkSizeWarningLimit.[39m
[32mΓ£ô built in 5.06s[39m
